// Jest Snapshot v1, https://goo.gl/fbAQLP

exports[`SearchPage renders initial state 1`] = `<Connect(SearchPage) />`;
